// Jest Snapshot v1, https://goo.gl/fbAQLP

exports[`svgWrapper wraps whatever text you pass into it with an SVG schema 1`] = `
"<?xml version=\\"1.0\\" encoding=\\"UTF-8\\" ?>
<svg width=\\"444\\" height=\\"555\\" xmlns=\\"http://www.w3.org/2000/svg\\" version=\\"1.1\\">
[My Body]
</svg>
"
`;
