// Jest Snapshot v1, https://goo.gl/fbAQLP

exports[`handles some simple JSX 1`] = `
"<?xml version=\\"1.0\\" encoding=\\"UTF-8\\" ?>
<svg width=\\"600\\" height=\\"400\\" xmlns=\\"http://www.w3.org/2000/svg\\" version=\\"1.1\\">

 <rect type=\\"View\\" fill-opacity=\\"0.1\\" stroke-width=\\"1\\" stroke=\\"black\\" x=\\"0\\" y=\\"0\\" width=\\"NaN\\" height=\\"NaN\\"/>

 <g transform='translate(0, 0)'>
   <rect type=\\"View\\" fill-opacity=\\"0.1\\" stroke-width=\\"1\\" stroke=\\"black\\" x=\\"0\\" y=\\"0\\" width=\\"NaN\\" height=\\"NaN\\"/>
   <rect type=\\"View\\" fill-opacity=\\"0.1\\" stroke-width=\\"1\\" stroke=\\"black\\" x=\\"0\\" y=\\"0\\" width=\\"NaN\\" height=\\"NaN\\"/>

   <g transform='translate(0, 0)'>
     <rect type=\\"View\\" fill-opacity=\\"0.1\\" stroke-width=\\"1\\" stroke=\\"black\\" x=\\"0\\" y=\\"0\\" width=\\"NaN\\" height=\\"NaN\\"/>
     <rect type=\\"View\\" fill-opacity=\\"0.1\\" stroke-width=\\"1\\" stroke=\\"black\\" x=\\"0\\" y=\\"0\\" width=\\"NaN\\" height=\\"NaN\\"/>
   </g>

   <rect type=\\"View\\" fill-opacity=\\"0.1\\" stroke-width=\\"1\\" stroke=\\"black\\" x=\\"0\\" y=\\"0\\" width=\\"NaN\\" height=\\"NaN\\"/>
   <rect type=\\"View\\" fill-opacity=\\"0.1\\" stroke-width=\\"1\\" stroke=\\"black\\" x=\\"0\\" y=\\"0\\" width=\\"NaN\\" height=\\"NaN\\"/>

   <g transform='translate(0, 0)'>
     <rect type=\\"View\\" fill-opacity=\\"0.1\\" stroke-width=\\"1\\" stroke=\\"black\\" x=\\"0\\" y=\\"0\\" width=\\"NaN\\" height=\\"NaN\\"/>
     <rect type=\\"View\\" fill-opacity=\\"0.1\\" stroke-width=\\"1\\" stroke=\\"black\\" x=\\"0\\" y=\\"0\\" width=\\"NaN\\" height=\\"NaN\\"/>
     <rect type=\\"View\\" fill-opacity=\\"0.1\\" stroke-width=\\"1\\" stroke=\\"black\\" x=\\"0\\" y=\\"0\\" width=\\"NaN\\" height=\\"NaN\\"/>
   </g>

 </g>

</svg>
"
`;
